
=== Gate 4 CP3 Golden cartographic quality Candidate 2 ===
PASS: generated Candidate 2 identity
PASS: build-generated Candidate 2 identity
PASS: AVC Candidate 2 identity
PASS: normal build invokes Candidate 2 lightweight prebuild
PASS: full Candidate 2 audit is documented in build entrypoint
PASS: persistent/default FAR terrain remains REAL33
PASS: global terrain remains REAL17
PASS: LOW source remains REAL33
PASS: MIDDLE source remains REAL33
PASS: HIGH bounded real refinement remains REAL65
PASS: CP3 Golden VIRTUAL ROUTE is 65
PASS: CP3 Golden VIRTUAL LOCAL is 97
PASS: HIGH refined presentation target is 129
PASS: LOW <=20 km uses CP3 VIRTUAL LOCAL 97
PASS: LOW 20..80 km uses CP3 VIRTUAL ROUTE 65
PASS: LOW long range keeps CP3 FAR Hi-DPI presentation
PASS: LOW near-range CP3 Local threshold
PASS: LOW medium-range CP3 Route threshold
PASS: MIDDLE near range uses CP3 Local 97
PASS: MIDDLE medium range uses CP3 Route 65
PASS: MIDDLE long range remains reconstructed 65
PASS: HIGH near fallback is CP3 Local and refined target 129
PASS: HIGH farther fallback is CP3 Route and refined target 129
PASS: VIRTUAL129 requires complete refined REAL65 source
PASS: worker avoids pointless resample
PASS: CP3 same-class interpolation rule restored
PASS: CP3 categorical boundary reconstruction restored
PASS: synthetic land-score coast interpolation stays absent
PASS: invalid boundary samples use conservative CP3 flag recovery
PASS: contours are built after virtual reconstruction
PASS: coastline vector geometry is always built
PASS: contours remain land-only
PASS: coastline follows exact fill triangle topology
PASS: sub-cell coastline crossing is used
PASS: coastline elevation crossing uses 1 m ocean surface authority
PASS: late-CP3 contour density schedule retained
PASS: Candidate 1 render-target-only MIDDLE path removed
PASS: Candidate 1 blocky LOW native path removed at useful map ranges
PASS: profile owns explicit virtual geometry reconstruction
PASS: raster worker actually invokes CP3 virtual reconstruction
PASS: runtime virtual build telemetry observes geometry reconstruction
PASS: transient REAL65 no longer increments global terrainGeneration
PASS: HIGH REAL65 remains an explicit transient refinement
PASS: partial REAL65 cannot replace complete FAR33 foundation
PASS: completed transient REAL65 has dedicated atomic completion branch
PASS: completed REAL65 remains RAM-only and does not pollute preload DB
PASS: render-ready content revision can rebuild BACK without terrain generation churn
PASS: runtime telemetry declares CP3 Golden quality floor
PASS: HIGH REAL65 visible work remains capped at four tiles
PASS: HIGH long-range REAL65 cap remains two tiles
PASS: HIGH mid-range REAL65 cap remains three tiles
PASS: HIGH real sampling still has runtime safety gate
PASS: all-visible/generated exact viewport bridge stays prohibited
PASS: missing Route/Local exact detail is not generated by live viewport
PASS: existing exact microtile bridge stays radius <=1
PASS: temporal presentation remains quarantined
PASS: GUI.matrix temporal warp remains forbidden
PASS: Exact FRONT still rejects wrong range
PASS: ownship remains fixed live-map anchor
PASS: prediction endpoint remains ownship-relative
PASS: prediction ticks remain ownship-relative
PASS: quality UI remains AUTO/LOW/MIDDLE/HIGH
PASS: legacy MEDIUM and new MIDDLE both parse
PASS: runtime quality identity is MIDDLE
PASS: HIGH resource envelope remains bounded CP3/Gate2 profile
PASS: virtual braces balanced
PASS: virtual parens balanced
PASS: tiles braces balanced
PASS: tiles parens balanced
PASS: renderer braces balanced
PASS: renderer parens balanced
PASS: raster braces balanced
PASS: raster parens balanced
PASS: nav braces balanced
PASS: nav parens balanced
PASS: Candidate 2 acceptance contract included
PASS: Candidate 2 design note included
PASS: Candidate 2 runtime test card included
PASS: 20 km CP3 Golden visual reference embedded
PASS: 160 km CP3 Golden visual reference embedded
PASS: land/sea CP3 Golden visual reference embedded
PASS: Golden visual reference contract README included
PASS: top-level README documents Candidate 2
PASS: final Candidate 2 verification report included
[v0.18.0.0 CP3.5 Gate 4 CP3 Golden Cartographic Quality Candidate 2] 84/84 PASS

=== CP2 C# definite-assignment compile regression ===
PASS: terrain tile system source exists
PASS: navigation display source exists
PASS: disk-write availability is initialized before the synchronization scope
PASS: disk-write availability declaration precedes lock scope
PASS: disk-write availability is assigned from the read-aware limit inside lock scope
PASS: disk writes reserve the last I/O slot while reads are pending
PASS: disk-write availability is not block-scoped inside lock
PASS: initialized availability is consumed after lock scope
PASS: traffic frame is initialized before short-circuit expression
PASS: traffic frame short-circuit acquisition remains intact
PASS: invalid traffic frame is explicitly cleared
PASS: definitely assigned traffic frame reaches map interaction
PASS: GPU Draw has the explicit progressive draw-state return type
PASS: navigation display initializes progressive draw state
PASS: navigation display assigns renderer result before use
PASS: every progressive renderer exit returns the initialized state field
PASS: progressive draw-state enum is compiled in shared terrain contracts
PASS: preview slope interval variables are assigned before use
PASS: RAM preview telemetry accepts the already imported generic collection contract
PASS: terrain display mode enum can be parsed
PASS: all terrain display mode references resolve to declared enum members
PASS: terrain request generation uses Automatic, never the nonexistent Auto member
PASS: runway placement quarantine detail is initialized before short-circuit
PASS: runway placement stored initialization precedes witness-library null gate
PASS: uninitialized runway placement quarantine detail cannot regress
[v0.18.0.0 CP2 C# definite-assignment compile regression] 25/25 PASS

[v0.18.0.0 CP3.5 Gate 4 CP3 Golden Cartographic Quality Candidate 2 PREBUILD] 2/2 lightweight suites PASS
[AERIS] PREBUILD COMPLETE: native xbuild and KSP runtime remain required.
